2026-01-19 22:31:51.0584|ERROR|HansoInputTool.ViewModels.MainViewModel|月報統計ダッシュボードを開く際にエラーが発生 System.InvalidOperationException: TwoWay または OneWayToSource バインドは、型 'HansoInputTool.ViewModels.MonthlyReportDashboardViewModel' の読み取り専用プロパティ 'ShowMonthly' では動作できません。
   at MS.Internal.Data.PropertyPathWorker.CheckReadOnly(Object item, Object info)
   at MS.Internal.Data.PropertyPathWorker.ReplaceItem(Int32 k, Object newO, Object parent)
   at MS.Internal.Data.PropertyPathWorker.UpdateSourceValueState(Int32 k, ICollectionView collectionView, Object newValue, Boolean isASubPropertyChange)
   at MS.Internal.Data.ClrBindingWorker.AttachDataItem()
   at System.Windows.Data.BindingExpression.Activate(Object item)
   at System.Windows.Data.BindingExpression.AttachToContext(AttachAttempt attempt)
   at System.Windows.Data.BindingExpression.MS.Internal.Data.IDataBindEngineClient.AttachToContext(Boolean lastChance)
   at MS.Internal.Data.DataBindEngine.Task.Run(Boolean lastChance)
   at MS.Internal.Data.DataBindEngine.Run(Object arg)
   at MS.Internal.Data.DataBindEngine.OnLayoutUpdated(Object sender, EventArgs e)
   at System.Windows.ContextLayoutManager.fireLayoutUpdateEvent()
   at System.Windows.ContextLayoutManager.UpdateLayout()
   at System.Windows.Interop.HwndSource.SetLayoutSize()
   at System.Windows.Interop.HwndSource.set_RootVisualInternal(Visual value)
   at System.Windows.Window.SetRootVisualAndUpdateSTC()
   at System.Windows.Window.SetupInitialState(Double requestedTop, Double requestedLeft, Double requestedWidth, Double requestedHeight)
   at System.Windows.Window.CreateSourceWindow(Boolean duringShow)
   at System.Windows.Window.ShowHelper(Object booleanBox)
   at System.Windows.Window.Show()
   at HansoInputTool.ViewModels.MainViewModel.OpenMonthlyReportDashboard() in C:\Users\ligdoor\source\repos\HansoInputTool\ViewModels\MainViewModel.cs:line 284
